2026-05-10 17:21:18,967 api_record_util.py-35404-[line:26] WARNING  [POST /goodsmanager/v1/users/logout 401]  HTTPException: Could not validate credentials
2026-05-10 17:21:18,970 api_record_util.py-35404-[line:61] WARNING  [POST /goodsmanager/v1/users/logout 401] Host: localhost:8088 process time: 0.02, params: [], headers: [["host", "localhost:8088"], ["connection", "keep-alive"], ["content-length", "0"], ["sec-ch-ua-platform", "\"Windows\""], ["authorization", "Bearer eyJhbGciOiJIUzI1NiIsInR5cCI6IkpXVCJ9.eyJzdWIiOiJhY2Y4MDBkMS0yODdmLTRjZDUtOTE0NC1jZTAxNzFhM2Q5MTYiLCJleHAiOjE3NzgyNTAzMjJ9.uO_kDLBz_lNVC6Rlb3ZYu9smVfi5sVAt9JguipLImEM"], ["user-agent", "Mozilla/5.0 (Windows NT 10.0; Win64; x64) AppleWebKit/537.36 (KHTML, like Gecko) Chrome/148.0.0.0 Safari/537.36 Edg/148.0.0.0"], ["sec-ch-ua", "\"Chromium\";v=\"148\", \"Microsoft Edge\";v=\"148\", \"Not/A)Brand\";v=\"99\""], ["content-type", "application/json"], ["sec-ch-ua-mobile", "?0"], ["accept", "*/*"], ["origin", "http://localhost:3000"], ["sec-fetch-site", "same-site"], ["sec-fetch-mode", "cors"], ["sec-fetch-dest", "empty"], ["referer", "http://localhost:3000/"], ["accept-encoding", "gzip, deflate, br, zstd"], ["accept-language", "zh-CN,zh;q=0.9,en;q=0.8,en-GB;q=0.7,en-US;q=0.6"]]
2026-05-10 17:21:23,352 email_util.py-35404-[line:32] INFO  邮件发送成功！
2026-05-10 17:21:27,433 api_record_util.py-35404-[line:31] ERROR  [POST /goodsmanager/v1/users/captcha 500]  Internal server error: Traceback (most recent call last):
  File "E:\Class_Code\yolo_for_goods\venv\Lib\site-packages\redis\asyncio\connection.py", line 371, in connect_check_health
    await self._connect()
  File "E:\Class_Code\yolo_for_goods\venv\Lib\site-packages\redis\asyncio\connection.py", line 895, in _connect
    reader, writer = await asyncio.open_connection(
                     ^^^^^^^^^^^^^^^^^^^^^^^^^^^^^^
  File "D:\anaconda\Lib\asyncio\streams.py", line 48, in open_connection
    transport, _ = await loop.create_connection(
                   ^^^^^^^^^^^^^^^^^^^^^^^^^^^^^
  File "D:\anaconda\Lib\asyncio\base_events.py", line 1126, in create_connection
    raise exceptions[0]
  File "D:\anaconda\Lib\asyncio\base_events.py", line 1103, in create_connection
    sock = await self._connect_sock(
           ^^^^^^^^^^^^^^^^^^^^^^^^^
  File "D:\anaconda\Lib\asyncio\base_events.py", line 1006, in _connect_sock
    await self.sock_connect(sock, address)
  File "D:\anaconda\Lib\asyncio\proactor_events.py", line 729, in sock_connect
    return await self._proactor.connect(sock, address)
           ^^^^^^^^^^^^^^^^^^^^^^^^^^^^^^^^^^^^^^^^^^^
  File "D:\anaconda\Lib\asyncio\windows_events.py", line 803, in _poll
    value = callback(transferred, key, ov)
            ^^^^^^^^^^^^^^^^^^^^^^^^^^^^^^
  File "D:\anaconda\Lib\asyncio\windows_events.py", line 599, in finish_connect
    ov.getresult()
ConnectionRefusedError: [WinError 1225] 远程计算机拒绝网络连接。

During handling of the above exception, another exception occurred:

Traceback (most recent call last):
  File "E:\Class_Code\yolo_for_goods\yolo_for_goods\backend\utils\api_record_util.py", line 20, in custom_route_handler
    response: Response = await original_route_handler(request)
                         ^^^^^^^^^^^^^^^^^^^^^^^^^^^^^^^^^^^^^
  File "E:\Class_Code\yolo_for_goods\venv\Lib\site-packages\fastapi\routing.py", line 674, in app
    raw_response = await run_endpoint_function(
                   ^^^^^^^^^^^^^^^^^^^^^^^^^^^^
  File "E:\Class_Code\yolo_for_goods\venv\Lib\site-packages\fastapi\routing.py", line 328, in run_endpoint_function
    return await dependant.call(**values)
           ^^^^^^^^^^^^^^^^^^^^^^^^^^^^^^
  File "E:\Class_Code\yolo_for_goods\yolo_for_goods\backend\apis\user.py", line 37, in create_captcha
    await redis_dep.setex(redis_code, 300, code)
  File "E:\Class_Code\yolo_for_goods\venv\Lib\site-packages\redis\asyncio\client.py", line 764, in execute_command
    conn = self.connection or await pool.get_connection()
                              ^^^^^^^^^^^^^^^^^^^^^^^^^^^
  File "E:\Class_Code\yolo_for_goods\venv\Lib\site-packages\redis\utils.py", line 227, in async_wrapper
    return await func(*args, **kwargs)
           ^^^^^^^^^^^^^^^^^^^^^^^^^^^
  File "E:\Class_Code\yolo_for_goods\venv\Lib\site-packages\redis\asyncio\connection.py", line 1448, in get_connection
    await self.ensure_connection(connection)
  File "E:\Class_Code\yolo_for_goods\venv\Lib\site-packages\redis\asyncio\connection.py", line 1489, in ensure_connection
    await connection.connect()
  File "E:\Class_Code\yolo_for_goods\venv\Lib\site-packages\redis\asyncio\connection.py", line 340, in connect
    await self.retry.call_with_retry(
  File "E:\Class_Code\yolo_for_goods\venv\Lib\site-packages\redis\asyncio\retry.py", line 81, in call_with_retry
    raise error
  File "E:\Class_Code\yolo_for_goods\venv\Lib\site-packages\redis\asyncio\retry.py", line 69, in call_with_retry
    return await do()
           ^^^^^^^^^^
  File "E:\Class_Code\yolo_for_goods\venv\Lib\site-packages\redis\asyncio\connection.py", line 397, in connect_check_health
    raise e
redis.exceptions.ConnectionError: Error 22 connecting to localhost:6379. 远程计算机拒绝网络连接。.

2026-05-10 17:21:27,433 api_record_util.py-35404-[line:63] ERROR  [POST /goodsmanager/v1/users/captcha 500] Host: localhost:8088 process time: 6.48, params: [], headers: [["host", "localhost:8088"], ["connection", "keep-alive"], ["content-length", "29"], ["sec-ch-ua-platform", "\"Windows\""], ["authorization", "Bearer null"], ["user-agent", "Mozilla/5.0 (Windows NT 10.0; Win64; x64) AppleWebKit/537.36 (KHTML, like Gecko) Chrome/148.0.0.0 Safari/537.36 Edg/148.0.0.0"], ["sec-ch-ua", "\"Chromium\";v=\"148\", \"Microsoft Edge\";v=\"148\", \"Not/A)Brand\";v=\"99\""], ["content-type", "application/json"], ["sec-ch-ua-mobile", "?0"], ["accept", "*/*"], ["origin", "http://localhost:3000"], ["sec-fetch-site", "same-site"], ["sec-fetch-mode", "cors"], ["sec-fetch-dest", "empty"], ["referer", "http://localhost:3000/"], ["accept-encoding", "gzip, deflate, br, zstd"], ["accept-language", "zh-CN,zh;q=0.9,en;q=0.8,en-GB;q=0.7,en-US;q=0.6"]]
2026-05-10 17:21:44,312 user.py-35404-[line:101] ERROR  登录或注册失败: Error 22 connecting to localhost:6379. 远程计算机拒绝网络连接。.
2026-05-10 17:21:44,314 user.py-35404-[line:102] ERROR  Traceback (most recent call last):
  File "E:\Class_Code\yolo_for_goods\venv\Lib\site-packages\redis\asyncio\connection.py", line 371, in connect_check_health
    await self._connect()
  File "E:\Class_Code\yolo_for_goods\venv\Lib\site-packages\redis\asyncio\connection.py", line 895, in _connect
    reader, writer = await asyncio.open_connection(
                     ^^^^^^^^^^^^^^^^^^^^^^^^^^^^^^
  File "D:\anaconda\Lib\asyncio\streams.py", line 48, in open_connection
    transport, _ = await loop.create_connection(
                   ^^^^^^^^^^^^^^^^^^^^^^^^^^^^^
  File "D:\anaconda\Lib\asyncio\base_events.py", line 1126, in create_connection
    raise exceptions[0]
  File "D:\anaconda\Lib\asyncio\base_events.py", line 1103, in create_connection
    sock = await self._connect_sock(
           ^^^^^^^^^^^^^^^^^^^^^^^^^
  File "D:\anaconda\Lib\asyncio\base_events.py", line 1006, in _connect_sock
    await self.sock_connect(sock, address)
  File "D:\anaconda\Lib\asyncio\proactor_events.py", line 729, in sock_connect
    return await self._proactor.connect(sock, address)
           ^^^^^^^^^^^^^^^^^^^^^^^^^^^^^^^^^^^^^^^^^^^
  File "D:\anaconda\Lib\asyncio\windows_events.py", line 803, in _poll
    value = callback(transferred, key, ov)
            ^^^^^^^^^^^^^^^^^^^^^^^^^^^^^^
  File "D:\anaconda\Lib\asyncio\windows_events.py", line 599, in finish_connect
    ov.getresult()
ConnectionRefusedError: [WinError 1225] 远程计算机拒绝网络连接。

During handling of the above exception, another exception occurred:

Traceback (most recent call last):
  File "E:\Class_Code\yolo_for_goods\yolo_for_goods\backend\apis\user.py", line 56, in login_or_register
    stored_code = await redis_dep.get(redis_code)
                  ^^^^^^^^^^^^^^^^^^^^^^^^^^^^^^^
  File "E:\Class_Code\yolo_for_goods\venv\Lib\site-packages\redis\asyncio\client.py", line 764, in execute_command
    conn = self.connection or await pool.get_connection()
                              ^^^^^^^^^^^^^^^^^^^^^^^^^^^
  File "E:\Class_Code\yolo_for_goods\venv\Lib\site-packages\redis\utils.py", line 227, in async_wrapper
    return await func(*args, **kwargs)
           ^^^^^^^^^^^^^^^^^^^^^^^^^^^
  File "E:\Class_Code\yolo_for_goods\venv\Lib\site-packages\redis\asyncio\connection.py", line 1448, in get_connection
    await self.ensure_connection(connection)
  File "E:\Class_Code\yolo_for_goods\venv\Lib\site-packages\redis\asyncio\connection.py", line 1489, in ensure_connection
    await connection.connect()
  File "E:\Class_Code\yolo_for_goods\venv\Lib\site-packages\redis\asyncio\connection.py", line 340, in connect
    await self.retry.call_with_retry(
  File "E:\Class_Code\yolo_for_goods\venv\Lib\site-packages\redis\asyncio\retry.py", line 81, in call_with_retry
    raise error
  File "E:\Class_Code\yolo_for_goods\venv\Lib\site-packages\redis\asyncio\retry.py", line 69, in call_with_retry
    return await do()
           ^^^^^^^^^^
  File "E:\Class_Code\yolo_for_goods\venv\Lib\site-packages\redis\asyncio\connection.py", line 397, in connect_check_health
    raise e
redis.exceptions.ConnectionError: Error 22 connecting to localhost:6379. 远程计算机拒绝网络连接。.

2026-05-10 17:21:44,314 api_record_util.py-35404-[line:26] WARNING  [POST /goodsmanager/v1/users/login 500]  HTTPException: 登录或注册失败，请稍后重试
2026-05-10 17:21:44,315 api_record_util.py-35404-[line:63] ERROR  [POST /goodsmanager/v1/users/login 500] Host: localhost:8088 process time: 4.06, params: [], headers: [["host", "localhost:8088"], ["connection", "keep-alive"], ["content-length", "45"], ["sec-ch-ua-platform", "\"Windows\""], ["authorization", "Bearer null"], ["user-agent", "Mozilla/5.0 (Windows NT 10.0; Win64; x64) AppleWebKit/537.36 (KHTML, like Gecko) Chrome/148.0.0.0 Safari/537.36 Edg/148.0.0.0"], ["sec-ch-ua", "\"Chromium\";v=\"148\", \"Microsoft Edge\";v=\"148\", \"Not/A)Brand\";v=\"99\""], ["content-type", "application/json"], ["sec-ch-ua-mobile", "?0"], ["accept", "*/*"], ["origin", "http://localhost:3000"], ["sec-fetch-site", "same-site"], ["sec-fetch-mode", "cors"], ["sec-fetch-dest", "empty"], ["referer", "http://localhost:3000/"], ["accept-encoding", "gzip, deflate, br, zstd"], ["accept-language", "zh-CN,zh;q=0.9,en;q=0.8,en-GB;q=0.7,en-US;q=0.6"]]
2026-05-10 17:25:57,692 api_record_util.py-35404-[line:26] WARNING  [POST /goodsmanager/v1/users/login 400]  HTTPException: 验证码错误或已过期
2026-05-10 17:25:57,692 api_record_util.py-35404-[line:61] WARNING  [POST /goodsmanager/v1/users/login 400] Host: localhost:8088 process time: 0.01, params: [], headers: [["host", "localhost:8088"], ["connection", "keep-alive"], ["content-length", "45"], ["sec-ch-ua-platform", "\"Windows\""], ["authorization", "Bearer null"], ["user-agent", "Mozilla/5.0 (Windows NT 10.0; Win64; x64) AppleWebKit/537.36 (KHTML, like Gecko) Chrome/148.0.0.0 Safari/537.36 Edg/148.0.0.0"], ["sec-ch-ua", "\"Chromium\";v=\"148\", \"Microsoft Edge\";v=\"148\", \"Not/A)Brand\";v=\"99\""], ["content-type", "application/json"], ["sec-ch-ua-mobile", "?0"], ["accept", "*/*"], ["origin", "http://localhost:3000"], ["sec-fetch-site", "same-site"], ["sec-fetch-mode", "cors"], ["sec-fetch-dest", "empty"], ["referer", "http://localhost:3000/"], ["accept-encoding", "gzip, deflate, br, zstd"], ["accept-language", "zh-CN,zh;q=0.9,en;q=0.8,en-GB;q=0.7,en-US;q=0.6"]]
2026-05-10 17:25:58,595 api_record_util.py-35404-[line:26] WARNING  [POST /goodsmanager/v1/users/login 400]  HTTPException: 验证码错误或已过期
2026-05-10 17:25:58,596 api_record_util.py-35404-[line:61] WARNING  [POST /goodsmanager/v1/users/login 400] Host: localhost:8088 process time: 0.0, params: [], headers: [["host", "localhost:8088"], ["connection", "keep-alive"], ["content-length", "45"], ["sec-ch-ua-platform", "\"Windows\""], ["authorization", "Bearer null"], ["user-agent", "Mozilla/5.0 (Windows NT 10.0; Win64; x64) AppleWebKit/537.36 (KHTML, like Gecko) Chrome/148.0.0.0 Safari/537.36 Edg/148.0.0.0"], ["sec-ch-ua", "\"Chromium\";v=\"148\", \"Microsoft Edge\";v=\"148\", \"Not/A)Brand\";v=\"99\""], ["content-type", "application/json"], ["sec-ch-ua-mobile", "?0"], ["accept", "*/*"], ["origin", "http://localhost:3000"], ["sec-fetch-site", "same-site"], ["sec-fetch-mode", "cors"], ["sec-fetch-dest", "empty"], ["referer", "http://localhost:3000/"], ["accept-encoding", "gzip, deflate, br, zstd"], ["accept-language", "zh-CN,zh;q=0.9,en;q=0.8,en-GB;q=0.7,en-US;q=0.6"]]
2026-05-10 17:26:00,314 api_record_util.py-35404-[line:26] WARNING  [POST /goodsmanager/v1/users/login 400]  HTTPException: 验证码错误或已过期
2026-05-10 17:26:00,315 api_record_util.py-35404-[line:61] WARNING  [POST /goodsmanager/v1/users/login 400] Host: localhost:8088 process time: 0.0, params: [], headers: [["host", "localhost:8088"], ["connection", "keep-alive"], ["content-length", "45"], ["sec-ch-ua-platform", "\"Windows\""], ["authorization", "Bearer null"], ["user-agent", "Mozilla/5.0 (Windows NT 10.0; Win64; x64) AppleWebKit/537.36 (KHTML, like Gecko) Chrome/148.0.0.0 Safari/537.36 Edg/148.0.0.0"], ["sec-ch-ua", "\"Chromium\";v=\"148\", \"Microsoft Edge\";v=\"148\", \"Not/A)Brand\";v=\"99\""], ["content-type", "application/json"], ["sec-ch-ua-mobile", "?0"], ["accept", "*/*"], ["origin", "http://localhost:3000"], ["sec-fetch-site", "same-site"], ["sec-fetch-mode", "cors"], ["sec-fetch-dest", "empty"], ["referer", "http://localhost:3000/"], ["accept-encoding", "gzip, deflate, br, zstd"], ["accept-language", "zh-CN,zh;q=0.9,en;q=0.8,en-GB;q=0.7,en-US;q=0.6"]]
2026-05-10 17:26:05,015 api_record_util.py-35404-[line:26] WARNING  [POST /goodsmanager/v1/users/login 400]  HTTPException: 验证码错误或已过期
2026-05-10 17:26:05,015 api_record_util.py-35404-[line:61] WARNING  [POST /goodsmanager/v1/users/login 400] Host: localhost:8088 process time: 0.0, params: [], headers: [["host", "localhost:8088"], ["connection", "keep-alive"], ["content-length", "45"], ["sec-ch-ua-platform", "\"Windows\""], ["authorization", "Bearer null"], ["user-agent", "Mozilla/5.0 (Windows NT 10.0; Win64; x64) AppleWebKit/537.36 (KHTML, like Gecko) Chrome/148.0.0.0 Safari/537.36 Edg/148.0.0.0"], ["sec-ch-ua", "\"Chromium\";v=\"148\", \"Microsoft Edge\";v=\"148\", \"Not/A)Brand\";v=\"99\""], ["content-type", "application/json"], ["sec-ch-ua-mobile", "?0"], ["accept", "*/*"], ["origin", "http://localhost:3000"], ["sec-fetch-site", "same-site"], ["sec-fetch-mode", "cors"], ["sec-fetch-dest", "empty"], ["referer", "http://localhost:3000/"], ["accept-encoding", "gzip, deflate, br, zstd"], ["accept-language", "zh-CN,zh;q=0.9,en;q=0.8,en-GB;q=0.7,en-US;q=0.6"]]
2026-05-10 17:26:09,222 email_util.py-35404-[line:32] INFO  邮件发送成功！
2026-05-10 17:26:09,224 api_record_util.py-35404-[line:58] DEBUG  [POST /goodsmanager/v1/users/captcha 200] Host: localhost:8088 process time: 0.33, params: [], headers: [["host", "localhost:8088"], ["connection", "keep-alive"], ["content-length", "29"], ["sec-ch-ua-platform", "\"Windows\""], ["authorization", "Bearer null"], ["user-agent", "Mozilla/5.0 (Windows NT 10.0; Win64; x64) AppleWebKit/537.36 (KHTML, like Gecko) Chrome/148.0.0.0 Safari/537.36 Edg/148.0.0.0"], ["sec-ch-ua", "\"Chromium\";v=\"148\", \"Microsoft Edge\";v=\"148\", \"Not/A)Brand\";v=\"99\""], ["content-type", "application/json"], ["sec-ch-ua-mobile", "?0"], ["accept", "*/*"], ["origin", "http://localhost:3000"], ["sec-fetch-site", "same-site"], ["sec-fetch-mode", "cors"], ["sec-fetch-dest", "empty"], ["referer", "http://localhost:3000/"], ["accept-encoding", "gzip, deflate, br, zstd"], ["accept-language", "zh-CN,zh;q=0.9,en;q=0.8,en-GB;q=0.7,en-US;q=0.6"]]
2026-05-10 17:26:18,346 api_record_util.py-35404-[line:58] DEBUG  [POST /goodsmanager/v1/users/login 200] Host: localhost:8088 process time: 0.01, params: [], headers: [["host", "localhost:8088"], ["connection", "keep-alive"], ["content-length", "45"], ["sec-ch-ua-platform", "\"Windows\""], ["authorization", "Bearer null"], ["user-agent", "Mozilla/5.0 (Windows NT 10.0; Win64; x64) AppleWebKit/537.36 (KHTML, like Gecko) Chrome/148.0.0.0 Safari/537.36 Edg/148.0.0.0"], ["sec-ch-ua", "\"Chromium\";v=\"148\", \"Microsoft Edge\";v=\"148\", \"Not/A)Brand\";v=\"99\""], ["content-type", "application/json"], ["sec-ch-ua-mobile", "?0"], ["accept", "*/*"], ["origin", "http://localhost:3000"], ["sec-fetch-site", "same-site"], ["sec-fetch-mode", "cors"], ["sec-fetch-dest", "empty"], ["referer", "http://localhost:3000/"], ["accept-encoding", "gzip, deflate, br, zstd"], ["accept-language", "zh-CN,zh;q=0.9,en;q=0.8,en-GB;q=0.7,en-US;q=0.6"]]
